2024-09-21 15:51:51 [AWT-EventQueue-0] INFO  Login - Login attempt with card number: 1010101092439746
2024-09-21 15:51:51 [AWT-EventQueue-0] INFO  Login - Successful login for card number: 1010101092439746
2024-09-21 15:51:54 [AWT-EventQueue-0] INFO  Home - User accessed the 'Account' section. Card Number: 1010101092439746
2024-09-21 15:51:54 [AWT-EventQueue-0] INFO  Home - Redirected to 'Account' screen for Card Number: 1010101092439746
2024-09-21 15:51:56 [AWT-EventQueue-0] INFO  Account - User navigating back to Home. Card Number: 1010101092439746
2024-09-21 15:51:57 [AWT-EventQueue-0] INFO  Home - User accessed the 'Loan' section. Card Number: 1010101092439746
2024-09-21 15:51:57 [AWT-EventQueue-0] INFO  Home - Redirected to 'Loan' screen for Card Number: 1010101092439746
2024-09-21 15:52:00 [AWT-EventQueue-0] INFO  Home - User accessed the 'Deposits' section. Card Number: 1010101092439746
2024-09-21 15:52:00 [AWT-EventQueue-0] INFO  Home - Redirected to 'Deposit Rules' screen for Card Number: 1010101092439746
2024-09-21 15:53:13 [AWT-EventQueue-0] INFO  Home - User accessed the 'Deposits' section. Card Number: 1010101092439746
2024-09-21 15:53:13 [AWT-EventQueue-0] INFO  Home - Redirected to 'Deposit Rules' screen for Card Number: 1010101092439746
2024-09-21 15:54:24 [AWT-EventQueue-0] INFO  Home - User exited the application. Card Number: 1010101092439746
2024-09-21 16:16:48 [AWT-EventQueue-0] INFO  Home - User exited the application. Card Number: 
2024-09-21 16:16:52 [AWT-EventQueue-0] INFO  Home - User exited the application. Card Number: 
2024-09-21 16:23:50 [AWT-EventQueue-0] INFO  Login - Login attempt with card number: 1010101092439746
2024-09-21 16:23:50 [AWT-EventQueue-0] INFO  Login - Successful login for card number: 1010101092439746
2024-09-21 16:39:11 [AWT-EventQueue-0] INFO  Home - User accessed the 'Account' section. Card Number: 1010101092439746
2024-09-21 16:39:12 [AWT-EventQueue-0] INFO  Home - Redirected to 'Account' screen for Card Number: 1010101092439746
2024-09-21 16:39:16 [AWT-EventQueue-0] INFO  Account - User navigating back to Home. Card Number: 1010101092439746
2024-09-21 16:39:17 [AWT-EventQueue-0] INFO  Home - User accessed the 'Loan' section. Card Number: 1010101092439746
2024-09-21 16:39:18 [AWT-EventQueue-0] INFO  Home - Redirected to 'Loan' screen for Card Number: 1010101092439746
2024-09-21 16:39:25 [AWT-EventQueue-0] INFO  Home - User accessed the 'Deposits' section. Card Number: 1010101092439746
2024-09-21 16:39:26 [AWT-EventQueue-0] INFO  Home - Redirected to 'Deposit Rules' screen for Card Number: 1010101092439746
2024-09-21 16:39:34 [AWT-EventQueue-0] INFO  Home - User accessed the 'ATM Transactions' section. Card Number: 1010101092439746
2024-09-21 16:39:34 [AWT-EventQueue-0] INFO  Home - Redirected to 'Transactions' screen for Card Number: 1010101092439746
2024-09-21 16:39:47 [AWT-EventQueue-0] INFO  Home - User exited the application. Card Number: 1010101092439746
2024-09-21 16:59:51 [AWT-EventQueue-0] INFO  Login - Login attempt with card number: 1010101092439746
2024-09-21 16:59:51 [AWT-EventQueue-0] INFO  Login - Successful login for card number: 1010101092439746
2024-09-21 16:59:54 [AWT-EventQueue-0] INFO  Home - User accessed the 'Account' section. Card Number: 1010101092439746
2024-09-21 16:59:55 [AWT-EventQueue-0] INFO  Home - Redirected to 'Account' screen for Card Number: 1010101092439746
2024-09-21 16:59:59 [AWT-EventQueue-0] INFO  Account - User navigating back to Home. Card Number: 1010101092439746
2024-09-21 17:00:00 [AWT-EventQueue-0] INFO  Home - User accessed the 'Loan' section. Card Number: 1010101092439746
2024-09-21 17:00:01 [AWT-EventQueue-0] INFO  Home - Redirected to 'Loan' screen for Card Number: 1010101092439746
2024-09-21 17:00:09 [AWT-EventQueue-0] INFO  Home - User accessed the 'Deposits' section. Card Number: 1010101092439746
2024-09-21 17:00:10 [AWT-EventQueue-0] INFO  Home - Redirected to 'Deposit Rules' screen for Card Number: 1010101092439746
2024-09-21 17:00:21 [AWT-EventQueue-0] INFO  Home - User accessed the 'Deposits' section. Card Number: 1010101092439746
2024-09-21 17:00:21 [AWT-EventQueue-0] INFO  Home - Redirected to 'Deposit Rules' screen for Card Number: 1010101092439746
2024-09-21 17:00:47 [AWT-EventQueue-0] INFO  Home - User accessed the 'Account' section. Card Number: 1010101092439746
2024-09-21 17:00:48 [AWT-EventQueue-0] INFO  Home - Redirected to 'Account' screen for Card Number: 1010101092439746
2024-09-21 17:00:51 [AWT-EventQueue-0] INFO  Account - User navigating back to Home. Card Number: 1010101092439746
2024-09-21 17:00:54 [AWT-EventQueue-0] INFO  Home - User accessed the 'ATM Transactions' section. Card Number: 1010101092439746
2024-09-21 17:00:54 [AWT-EventQueue-0] INFO  Home - Redirected to 'Transactions' screen for Card Number: 1010101092439746
2024-09-21 17:01:01 [AWT-EventQueue-0] INFO  Home - User accessed the 'Deposits' section. Card Number: 1010101092439746
2024-09-21 17:01:01 [AWT-EventQueue-0] INFO  Home - Redirected to 'Deposit Rules' screen for Card Number: 1010101092439746
2024-09-21 17:01:39 [AWT-EventQueue-0] INFO  Home - User accessed the 'Account' section. Card Number: 1010101092439746
2024-09-21 17:01:40 [AWT-EventQueue-0] INFO  Home - Redirected to 'Account' screen for Card Number: 1010101092439746
2024-09-21 17:01:49 [AWT-EventQueue-0] INFO  Account - User navigating back to Home. Card Number: 1010101092439746
2024-09-21 17:01:51 [AWT-EventQueue-0] INFO  Home - User accessed the 'Loan' section. Card Number: 1010101092439746
2024-09-21 17:01:51 [AWT-EventQueue-0] INFO  Home - Redirected to 'Loan' screen for Card Number: 1010101092439746
2024-09-21 17:02:41 [AWT-EventQueue-0] INFO  Home - User accessed the 'Account' section. Card Number: 1010101092439746
2024-09-21 17:02:41 [AWT-EventQueue-0] INFO  Home - Redirected to 'Account' screen for Card Number: 1010101092439746
2024-09-21 17:02:55 [AWT-EventQueue-0] INFO  Account - User navigating back to Home. Card Number: 1010101092439746
2024-09-21 17:02:56 [AWT-EventQueue-0] INFO  Home - User exited the application. Card Number: 1010101092439746
2024-09-21 17:04:06 [AWT-EventQueue-0] INFO  Login - Login attempt with card number: 1010101056940229
2024-09-21 17:04:06 [AWT-EventQueue-0] INFO  Login - Successful login for card number: 1010101056940229
2024-09-21 17:05:16 [AWT-EventQueue-0] INFO  Home - User exited the application. Card Number: 1010101053744691
2024-09-21 17:05:26 [AWT-EventQueue-0] INFO  Home - User accessed the 'Account' section. Card Number: 1010101056940229
2024-09-21 17:05:27 [AWT-EventQueue-0] INFO  Home - Redirected to 'Account' screen for Card Number: 1010101056940229
2024-09-21 17:05:31 [AWT-EventQueue-0] INFO  Account - User navigating back to Home. Card Number: 1010101056940229
2024-09-21 17:05:59 [AWT-EventQueue-0] INFO  Home - User accessed the 'Loan' section. Card Number: 1010101056940229
2024-09-21 17:05:59 [AWT-EventQueue-0] INFO  Home - Redirected to 'Loan' screen for Card Number: 1010101056940229
2024-09-21 17:06:02 [AWT-EventQueue-0] INFO  Home - User accessed the 'Deposits' section. Card Number: 1010101056940229
2024-09-21 17:06:02 [AWT-EventQueue-0] INFO  Home - Redirected to 'Deposit Rules' screen for Card Number: 1010101056940229
2024-09-21 17:06:10 [AWT-EventQueue-0] INFO  Home - User accessed the 'Account' section. Card Number: 1010101056940229
2024-09-21 17:06:11 [AWT-EventQueue-0] INFO  Home - Redirected to 'Account' screen for Card Number: 1010101056940229
2024-09-21 17:06:15 [AWT-EventQueue-0] INFO  Account - User navigating back to Home. Card Number: 1010101056940229
2024-09-21 17:06:54 [AWT-EventQueue-0] INFO  Login - Login attempt with card number: 1010101056940229
2024-09-21 17:06:54 [AWT-EventQueue-0] INFO  Login - Successful login for card number: 1010101056940229
2024-09-21 17:06:57 [AWT-EventQueue-0] INFO  Home - User accessed the 'Account' section. Card Number: 1010101056940229
2024-09-21 17:06:58 [AWT-EventQueue-0] INFO  Home - Redirected to 'Account' screen for Card Number: 1010101056940229
2024-09-21 17:11:37 [AWT-EventQueue-0] WARN  Account - Transaction failed: Required fields missing. Card Number: 1010101083471065
2024-09-21 17:18:01 [AWT-EventQueue-0] INFO  Account - User navigating back to Home. Card Number: 1010101083471065
2024-09-21 17:18:03 [AWT-EventQueue-0] INFO  Home - User accessed the 'Loan' section. Card Number: 1010101083471065
2024-09-21 17:18:04 [AWT-EventQueue-0] INFO  Home - Redirected to 'Loan' screen for Card Number: 1010101083471065
2024-09-21 17:44:47 [AWT-EventQueue-0] INFO  Login - Login attempt with card number: 1010101056940229
2024-09-21 17:44:47 [AWT-EventQueue-0] INFO  Login - Successful login for card number: 1010101056940229
2024-09-21 17:44:52 [AWT-EventQueue-0] INFO  Home - User accessed the 'Account' section. Card Number: 1010101056940229
2024-09-21 17:44:53 [AWT-EventQueue-0] INFO  Home - Redirected to 'Account' screen for Card Number: 1010101056940229
2024-09-21 17:52:46 [AWT-EventQueue-0] INFO  Login - Login attempt with card number: 1010101056940229
2024-09-21 17:52:46 [AWT-EventQueue-0] INFO  Login - Successful login for card number: 1010101056940229
2024-09-21 17:52:47 [AWT-EventQueue-0] INFO  Home - User accessed the 'Account' section. Card Number: 1010101056940229
2024-09-21 17:52:48 [AWT-EventQueue-0] INFO  Home - Redirected to 'Account' screen for Card Number: 1010101056940229
2024-09-21 19:07:58 [AWT-EventQueue-0] INFO  Login - Login attempt with card number: 1010101056940229
2024-09-21 19:07:58 [AWT-EventQueue-0] INFO  Login - Successful login for card number: 1010101056940229
2024-09-21 19:07:59 [AWT-EventQueue-0] INFO  Home - User accessed the 'Account' section. Card Number: 1010101056940229
2024-09-21 19:08:00 [AWT-EventQueue-0] INFO  Home - Redirected to 'Account' screen for Card Number: 1010101056940229
2024-09-21 19:09:17 [AWT-EventQueue-0] INFO  Login - Login attempt with card number: 1010101056940229
2024-09-21 19:09:17 [AWT-EventQueue-0] INFO  Login - Successful login for card number: 1010101056940229
2024-09-21 19:09:19 [AWT-EventQueue-0] INFO  Home - User accessed the 'Account' section. Card Number: 1010101056940229
2024-09-21 19:09:20 [AWT-EventQueue-0] INFO  Home - Redirected to 'Account' screen for Card Number: 1010101056940229
2024-09-21 19:15:56 [AWT-EventQueue-0] INFO  Login - Login attempt with card number: 1010101056940229
2024-09-21 19:15:56 [AWT-EventQueue-0] INFO  Login - Successful login for card number: 1010101056940229
2024-09-21 19:15:58 [AWT-EventQueue-0] INFO  Home - User accessed the 'Account' section. Card Number: 1010101056940229
2024-09-21 19:15:59 [AWT-EventQueue-0] INFO  Home - Redirected to 'Account' screen for Card Number: 1010101056940229
2024-09-21 19:19:25 [AWT-EventQueue-0] INFO  Login - Login attempt with card number: 1010101056940229
2024-09-21 19:19:25 [AWT-EventQueue-0] INFO  Login - Successful login for card number: 1010101056940229
2024-09-21 19:19:27 [AWT-EventQueue-0] INFO  Home - User accessed the 'Account' section. Card Number: 1010101056940229
2024-09-21 19:19:28 [AWT-EventQueue-0] INFO  Home - Redirected to 'Account' screen for Card Number: 1010101056940229
2024-09-21 19:19:34 [AWT-EventQueue-0] INFO  Account - User navigating back to Home. Card Number: 1010101056940229
2024-09-21 19:19:36 [AWT-EventQueue-0] INFO  Home - User accessed the 'Loan' section. Card Number: 1010101056940229
2024-09-21 19:19:37 [AWT-EventQueue-0] INFO  Home - Redirected to 'Loan' screen for Card Number: 1010101056940229
2024-09-21 19:27:16 [AWT-EventQueue-0] INFO  Login - Login attempt with card number: 1010101056940229
2024-09-21 19:27:16 [AWT-EventQueue-0] INFO  Login - Successful login for card number: 1010101056940229
2024-09-21 19:27:19 [AWT-EventQueue-0] INFO  Home - User accessed the 'Loan' section. Card Number: 1010101056940229
2024-09-21 19:27:19 [AWT-EventQueue-0] INFO  Home - Redirected to 'Loan' screen for Card Number: 1010101056940229
2024-09-21 19:28:44 [AWT-EventQueue-0] INFO  Home - User accessed the 'Loan' section. Card Number: 1010101056940229
2024-09-21 19:28:44 [AWT-EventQueue-0] INFO  Home - Redirected to 'Loan' screen for Card Number: 1010101056940229
2024-09-21 19:28:51 [AWT-EventQueue-0] INFO  Home - User accessed the 'Loan' section. Card Number: 1010101056940229
2024-09-21 19:28:52 [AWT-EventQueue-0] INFO  Home - Redirected to 'Loan' screen for Card Number: 1010101056940229
2024-09-21 19:30:13 [AWT-EventQueue-0] INFO  Login - Login attempt with card number: 1010101056940229
2024-09-21 19:30:13 [AWT-EventQueue-0] INFO  Login - Successful login for card number: 1010101056940229
2024-09-21 19:30:17 [AWT-EventQueue-0] INFO  Home - User accessed the 'Loan' section. Card Number: 1010101056940229
2024-09-21 19:30:18 [AWT-EventQueue-0] INFO  Home - Redirected to 'Loan' screen for Card Number: 1010101056940229
2024-09-21 19:30:24 [AWT-EventQueue-0] INFO  Home - User accessed the 'Loan' section. Card Number: 1010101056940229
2024-09-21 19:30:24 [AWT-EventQueue-0] INFO  Home - Redirected to 'Loan' screen for Card Number: 1010101056940229
2024-09-21 19:30:31 [AWT-EventQueue-0] INFO  Home - User exited the application. Card Number: 1010101056940229
2024-09-21 19:30:46 [AWT-EventQueue-0] INFO  Login - Login attempt with card number: 1010101056940229
2024-09-21 19:30:46 [AWT-EventQueue-0] INFO  Login - Successful login for card number: 1010101056940229
2024-09-21 19:30:49 [AWT-EventQueue-0] INFO  Home - User accessed the 'Deposits' section. Card Number: 1010101056940229
2024-09-21 19:30:49 [AWT-EventQueue-0] INFO  Home - Redirected to 'Deposit Rules' screen for Card Number: 1010101056940229
2024-09-21 19:31:03 [AWT-EventQueue-0] INFO  Home - User accessed the 'Deposits' section. Card Number: 1010101056940229
2024-09-21 19:31:03 [AWT-EventQueue-0] INFO  Home - Redirected to 'Deposit Rules' screen for Card Number: 1010101056940229
2024-09-21 19:40:09 [AWT-EventQueue-0] INFO  Home - User accessed the 'Deposits' section. Card Number: 
2024-09-21 19:40:09 [AWT-EventQueue-0] INFO  Home - Redirected to 'Deposit Rules' screen for Card Number: 
2024-09-21 19:41:28 [AWT-EventQueue-0] INFO  Login - Login attempt with card number: 1010101056940229
2024-09-21 19:41:28 [AWT-EventQueue-0] INFO  Login - Successful login for card number: 1010101056940229
2024-09-21 19:41:31 [AWT-EventQueue-0] INFO  Home - User accessed the 'Loan' section. Card Number: 1010101056940229
2024-09-21 19:41:32 [AWT-EventQueue-0] INFO  Home - Redirected to 'Loan' screen for Card Number: 1010101056940229
2024-09-21 19:41:47 [AWT-EventQueue-0] INFO  Home - User accessed the 'Deposits' section. Card Number: 1010101056940229
2024-09-21 19:41:47 [AWT-EventQueue-0] INFO  Home - Redirected to 'Deposit Rules' screen for Card Number: 1010101056940229
2024-09-21 19:59:50 [AWT-EventQueue-0] INFO  Home - User accessed the 'Deposits' section. Card Number: 1010101083471065
2024-09-21 19:59:51 [AWT-EventQueue-0] INFO  Home - Redirected to 'Deposit Rules' screen for Card Number: 1010101083471065
2024-09-21 20:02:01 [AWT-EventQueue-0] INFO  Login - Login attempt with card number: 1010101056940229
2024-09-21 20:02:01 [AWT-EventQueue-0] INFO  Login - Successful login for card number: 1010101056940229
2024-09-21 20:02:03 [AWT-EventQueue-0] INFO  Home - User accessed the 'Deposits' section. Card Number: 1010101056940229
2024-09-21 20:02:03 [AWT-EventQueue-0] INFO  Home - Redirected to 'Deposit Rules' screen for Card Number: 1010101056940229
2024-09-21 20:02:08 [AWT-EventQueue-0] INFO  Home - User accessed the 'Deposits' section. Card Number: 1010101056940229
2024-09-21 20:02:09 [AWT-EventQueue-0] INFO  Home - Redirected to 'Deposit Rules' screen for Card Number: 1010101056940229
2024-09-21 20:03:46 [AWT-EventQueue-0] INFO  Login - Login attempt with card number: 1010101056940229
2024-09-21 20:03:47 [AWT-EventQueue-0] INFO  Login - Successful login for card number: 1010101056940229
2024-09-21 20:03:49 [AWT-EventQueue-0] INFO  Home - User accessed the 'Deposits' section. Card Number: 1010101056940229
2024-09-21 20:03:49 [AWT-EventQueue-0] INFO  Home - Redirected to 'Deposit Rules' screen for Card Number: 1010101056940229
2024-09-21 20:10:44 [AWT-EventQueue-0] INFO  Home - User accessed the 'Deposits' section. Card Number: 
2024-09-21 20:10:44 [AWT-EventQueue-0] INFO  Home - Redirected to 'Deposit Rules' screen for Card Number: 
2024-09-21 20:15:36 [AWT-EventQueue-0] INFO  Login - Login attempt with card number: 1010101056940229
2024-09-21 20:15:36 [AWT-EventQueue-0] INFO  Login - Successful login for card number: 1010101056940229
2024-09-21 20:15:47 [AWT-EventQueue-0] INFO  Home - User accessed the 'Deposits' section. Card Number: 1010101056940229
2024-09-21 20:15:47 [AWT-EventQueue-0] INFO  Home - Redirected to 'Deposit Rules' screen for Card Number: 1010101056940229
2024-09-21 21:21:15 [AWT-EventQueue-0] INFO  Login - Login attempt with card number: 1010101056940229
2024-09-21 21:21:15 [AWT-EventQueue-0] INFO  Login - Successful login for card number: 1010101056940229
2024-09-21 21:21:17 [AWT-EventQueue-0] INFO  Home - User accessed the 'Deposits' section. Card Number: 1010101056940229
2024-09-21 21:21:17 [AWT-EventQueue-0] INFO  Home - Redirected to 'Deposit Rules' screen for Card Number: 1010101056940229
2024-09-21 21:21:57 [AWT-EventQueue-0] INFO  Home - User accessed the 'ATM Transactions' section. Card Number: 1010101056940229
2024-09-21 21:21:57 [AWT-EventQueue-0] INFO  Home - Redirected to 'Transactions' screen for Card Number: 1010101056940229
2024-09-21 21:22:23 [AWT-EventQueue-0] INFO  Home - User exited the application. Card Number: 1010101056940229
2024-09-21 21:27:17 [AWT-EventQueue-0] INFO  Login - Login attempt with card number: 1010101056940229
2024-09-21 21:27:17 [AWT-EventQueue-0] INFO  Login - Successful login for card number: 1010101056940229
2024-09-21 21:27:21 [AWT-EventQueue-0] INFO  Home - User accessed the 'ATM Transactions' section. Card Number: 1010101056940229
2024-09-21 21:27:21 [AWT-EventQueue-0] INFO  Home - Redirected to 'Transactions' screen for Card Number: 1010101056940229
2024-09-21 21:53:07 [AWT-EventQueue-0] INFO  Login - Login attempt with card number: 1010101056940229
2024-09-21 21:53:07 [AWT-EventQueue-0] INFO  Login - Successful login for card number: 1010101056940229
2024-09-21 21:53:12 [AWT-EventQueue-0] INFO  Home - User accessed the 'Account' section. Card Number: 1010101056940229
2024-09-21 21:53:12 [AWT-EventQueue-0] INFO  Home - Redirected to 'Account' screen for Card Number: 1010101056940229
2024-09-21 21:53:14 [AWT-EventQueue-0] INFO  Account - User navigating back to Home. Card Number: 1010101056940229
2024-09-21 21:53:16 [AWT-EventQueue-0] INFO  Home - User accessed the 'Loan' section. Card Number: 1010101056940229
2024-09-21 21:53:16 [AWT-EventQueue-0] INFO  Home - Redirected to 'Loan' screen for Card Number: 1010101056940229
2024-09-21 21:53:37 [AWT-EventQueue-0] INFO  Home - User accessed the 'ATM Transactions' section. Card Number: 1010101056940229
2024-09-21 21:53:37 [AWT-EventQueue-0] INFO  Home - Redirected to 'Transactions' screen for Card Number: 1010101056940229
2024-09-21 21:53:41 [AWT-EventQueue-0] INFO  Home - User accessed the 'Deposits' section. Card Number: 1010101056940229
2024-09-21 21:53:41 [AWT-EventQueue-0] INFO  Home - Redirected to 'Deposit Rules' screen for Card Number: 1010101056940229
2024-09-21 21:53:54 [AWT-EventQueue-0] INFO  Home - User accessed the 'Deposits' section. Card Number: 1010101056940229
2024-09-21 21:53:54 [AWT-EventQueue-0] INFO  Home - Redirected to 'Deposit Rules' screen for Card Number: 1010101056940229
2024-09-21 22:45:34 [AWT-EventQueue-0] INFO  Login - Sign-up button clicked. Opening SignUpOne form.
2024-09-21 22:45:48 [AWT-EventQueue-0] INFO  SignUpOne - Sign-up form 1 canceled. Returning to login screen.
2024-09-21 22:47:01 [AWT-EventQueue-0] INFO  Login - Sign-up button clicked. Opening SignUpOne form.
2024-09-21 22:48:05 [AWT-EventQueue-0] INFO  SignUpOne - Processing sign-up form 1 with form number: 6005
2024-09-21 22:48:05 [AWT-EventQueue-0] WARN  SignUpOne - Invalid email entered: rohitsharma@gmail
2024-09-21 22:48:12 [AWT-EventQueue-0] INFO  SignUpOne - Processing sign-up form 1 with form number: 6005
2024-09-21 22:48:13 [AWT-EventQueue-0] INFO  SignUpOne - Sign-up form 1 successful with form number: 6005 | Name: Rohit Sharma  | Father's Name: Mohit Sharma  | DOB: 1 Sept 1999 | Gender: Male | Email: rohitsharma@gmail.com | Marital Status: Married | Address: Delhi India  | City: New Delhi | PIN: 110085 | State: Delhi
2024-09-21 22:48:48 [AWT-EventQueue-0] INFO  SignUpTwo - Processing sign-up form 2 with form number: 6005
2024-09-21 22:48:48 [AWT-EventQueue-0] INFO  SignUpTwo - Sign-up form 2 successfully submitted with form number: 6005
2024-09-21 22:48:56 [AWT-EventQueue-0] INFO  SignUpThree - Processing sign-up form 3 creation with form number: 6005
2024-09-21 22:48:56 [AWT-EventQueue-0] INFO  SignUpThree - Generated card number: 1010101080762230
2024-09-21 22:48:56 [AWT-EventQueue-0] INFO  SignUpThree - Account created successfully for form number: 6005
2024-09-21 22:49:29 [AWT-EventQueue-0] INFO  Login - Login attempt with card number: 1010101080762230
2024-09-21 22:49:29 [AWT-EventQueue-0] INFO  Login - Successful login for card number: 1010101080762230
2024-09-21 22:49:36 [AWT-EventQueue-0] INFO  Home - User accessed the 'ATM Transactions' section. Card Number: 1010101080762230
2024-09-21 22:49:36 [AWT-EventQueue-0] INFO  Home - Redirected to 'Transactions' screen for Card Number: 1010101080762230
2024-09-21 22:50:17 [AWT-EventQueue-0] INFO  Home - User accessed the 'Loan' section. Card Number: 1010101080762230
2024-09-21 22:50:17 [AWT-EventQueue-0] INFO  Home - Redirected to 'Loan' screen for Card Number: 1010101080762230
2024-09-21 22:50:49 [AWT-EventQueue-0] INFO  Home - User accessed the 'Account' section. Card Number: 1010101080762230
2024-09-21 22:50:50 [AWT-EventQueue-0] INFO  Home - Redirected to 'Account' screen for Card Number: 1010101080762230
2024-09-21 22:50:54 [AWT-EventQueue-0] INFO  Account - User navigating back to Home. Card Number: 1010101080762230
2024-09-21 22:50:57 [AWT-EventQueue-0] INFO  Home - User accessed the 'Deposits' section. Card Number: 1010101080762230
2024-09-21 22:50:57 [AWT-EventQueue-0] INFO  Home - Redirected to 'Deposit Rules' screen for Card Number: 1010101080762230
2024-09-21 22:51:03 [AWT-EventQueue-0] INFO  Home - User accessed the 'ATM Transactions' section. Card Number: 1010101080762230
2024-09-21 22:51:03 [AWT-EventQueue-0] INFO  Home - Redirected to 'Transactions' screen for Card Number: 1010101080762230
2024-09-21 22:51:17 [AWT-EventQueue-0] INFO  Home - User accessed the 'Deposits' section. Card Number: 1010101080762230
2024-09-21 22:51:17 [AWT-EventQueue-0] INFO  Home - Redirected to 'Deposit Rules' screen for Card Number: 1010101080762230
2024-09-21 22:51:34 [AWT-EventQueue-0] INFO  Home - User accessed the 'Account' section. Card Number: 1010101080762230
2024-09-21 22:51:35 [AWT-EventQueue-0] INFO  Home - Redirected to 'Account' screen for Card Number: 1010101080762230
2024-09-21 22:52:09 [AWT-EventQueue-0] INFO  Account - User navigating back to Home. Card Number: 1010101080762230
2024-09-21 22:54:08 [AWT-EventQueue-0] INFO  Login - Login attempt with card number: 1010101080762230
2024-09-21 22:54:08 [AWT-EventQueue-0] INFO  Login - Successful login for card number: 1010101080762230
2024-09-21 22:54:14 [AWT-EventQueue-0] INFO  Home - User accessed the 'Deposits' section. Card Number: 1010101080762230
2024-09-21 22:54:14 [AWT-EventQueue-0] INFO  Home - Redirected to 'Deposit Rules' screen for Card Number: 1010101080762230
2024-09-21 22:54:31 [AWT-EventQueue-0] INFO  Home - User accessed the 'Account' section. Card Number: 1010101080762230
2024-09-21 22:54:32 [AWT-EventQueue-0] INFO  Home - Redirected to 'Account' screen for Card Number: 1010101080762230
2024-09-21 22:54:51 [AWT-EventQueue-0] INFO  Account - User navigating back to Home. Card Number: 1010101080762230
2024-09-21 22:54:57 [AWT-EventQueue-0] INFO  Home - User accessed the 'Deposits' section. Card Number: 1010101080762230
2024-09-21 22:54:57 [AWT-EventQueue-0] INFO  Home - Redirected to 'Deposit Rules' screen for Card Number: 1010101080762230
2024-09-21 22:56:03 [AWT-EventQueue-0] INFO  Home - User accessed the 'Account' section. Card Number: 1010101080762230
2024-09-21 22:56:04 [AWT-EventQueue-0] INFO  Home - Redirected to 'Account' screen for Card Number: 1010101080762230
2024-09-21 22:56:13 [AWT-EventQueue-0] INFO  Account - User navigating back to Home. Card Number: 1010101080762230
2024-09-21 22:56:16 [AWT-EventQueue-0] INFO  Home - User accessed the 'Deposits' section. Card Number: 1010101080762230
2024-09-21 22:56:17 [AWT-EventQueue-0] INFO  Home - Redirected to 'Deposit Rules' screen for Card Number: 1010101080762230
2024-09-21 22:57:02 [AWT-EventQueue-0] INFO  Home - User accessed the 'Deposits' section. Card Number: 1010101080762230
2024-09-21 22:57:02 [AWT-EventQueue-0] INFO  Home - Redirected to 'Deposit Rules' screen for Card Number: 1010101080762230
2024-09-21 22:57:33 [AWT-EventQueue-0] INFO  Home - User accessed the 'Account' section. Card Number: 1010101080762230
2024-09-21 22:57:33 [AWT-EventQueue-0] INFO  Home - Redirected to 'Account' screen for Card Number: 1010101080762230
2024-09-21 23:01:17 [AWT-EventQueue-0] INFO  Account - User navigating back to Home. Card Number: 1010101080762230
2024-09-21 23:01:19 [AWT-EventQueue-0] INFO  Home - User accessed the 'Account' section. Card Number: 1010101080762230
2024-09-21 23:01:19 [AWT-EventQueue-0] INFO  Home - Redirected to 'Account' screen for Card Number: 1010101080762230
2024-09-21 23:08:16 [AWT-EventQueue-0] INFO  Login - Sign-up button clicked. Opening SignUpOne form.
2024-09-21 23:08:27 [AWT-EventQueue-0] INFO  SignUpOne - Sign-up form 1 canceled. Returning to login screen.
2024-09-21 23:43:33 [AWT-EventQueue-0] INFO  Login - Sign-up button clicked. Opening SignUpOne form.
2024-09-21 23:44:15 [AWT-EventQueue-0] INFO  SignUpOne - Sign-up form 1 canceled. Returning to login screen.
2024-09-21 23:47:55 [AWT-EventQueue-0] INFO  Login - Sign-up button clicked. Opening SignUpOne form.
2024-09-21 23:50:56 [AWT-EventQueue-0] INFO  Login - Sign-up button clicked. Opening SignUpOne form.
2024-09-21 23:51:48 [AWT-EventQueue-0] INFO  SignUpOne - Processing sign-up form 1 with form number: 9029
2024-09-21 23:51:48 [AWT-EventQueue-0] WARN  SignUpOne - Invalid email entered: gagantomar@gmail
2024-09-21 23:51:58 [AWT-EventQueue-0] INFO  SignUpOne - Processing sign-up form 1 with form number: 9029
2024-09-21 23:51:59 [AWT-EventQueue-0] INFO  SignUpOne - Sign-up form 1 successful with form number: 9029 | Name: Gagan Tomar | Father's Name: Parveen Tomar | DOB: 22 Sept 2004 | Gender: NULL | Email: gagantomar@gmail.com | Marital Status: Unmarried | Address: rohini delhi  | City: new delhi | PIN: 110085 | State: Delhi
2024-09-21 23:52:29 [AWT-EventQueue-0] INFO  SignUpTwo - Processing sign-up form 2 with form number: 9029
2024-09-21 23:52:29 [AWT-EventQueue-0] ERROR SignUpTwo - Error during sign-up form 2 submission for form number: 9029
java.sql.SQLIntegrityConstraintViolationException: Duplicate entry 'qwert1234y' for key 'signuptwo.pan'
	at com.mysql.cj.jdbc.exceptions.SQLError.createSQLException(SQLError.java:117) ~[mysql-connector-j-8.0.32.jar:8.0.32]
	at com.mysql.cj.jdbc.exceptions.SQLExceptionsMapping.translateException(SQLExceptionsMapping.java:122) ~[mysql-connector-j-8.0.32.jar:8.0.32]
	at com.mysql.cj.jdbc.StatementImpl.executeUpdateInternal(StatementImpl.java:1334) ~[mysql-connector-j-8.0.32.jar:8.0.32]
	at com.mysql.cj.jdbc.StatementImpl.executeLargeUpdate(StatementImpl.java:2084) ~[mysql-connector-j-8.0.32.jar:8.0.32]
	at com.mysql.cj.jdbc.StatementImpl.executeUpdate(StatementImpl.java:1245) ~[mysql-connector-j-8.0.32.jar:8.0.32]
	at SignUpTwo.actionPerformed(SignUpTwo.java:221) ~[classes/:?]
	at javax.swing.AbstractButton.fireActionPerformed(AbstractButton.java:1972) ~[?:?]
	at javax.swing.AbstractButton$Handler.actionPerformed(AbstractButton.java:2314) ~[?:?]
	at javax.swing.DefaultButtonModel.fireActionPerformed(DefaultButtonModel.java:407) ~[?:?]
	at javax.swing.DefaultButtonModel.setPressed(DefaultButtonModel.java:262) ~[?:?]
	at javax.swing.plaf.basic.BasicButtonListener.mouseReleased(BasicButtonListener.java:279) ~[?:?]
	at java.awt.Component.processMouseEvent(Component.java:6621) ~[?:?]
	at javax.swing.JComponent.processMouseEvent(JComponent.java:3398) ~[?:?]
	at java.awt.Component.processEvent(Component.java:6386) ~[?:?]
	at java.awt.Container.processEvent(Container.java:2266) ~[?:?]
	at java.awt.Component.dispatchEventImpl(Component.java:4996) ~[?:?]
	at java.awt.Container.dispatchEventImpl(Container.java:2324) ~[?:?]
	at java.awt.Component.dispatchEvent(Component.java:4828) ~[?:?]
	at java.awt.LightweightDispatcher.retargetMouseEvent(Container.java:4948) ~[?:?]
	at java.awt.LightweightDispatcher.processMouseEvent(Container.java:4575) ~[?:?]
	at java.awt.LightweightDispatcher.dispatchEvent(Container.java:4516) ~[?:?]
	at java.awt.Container.dispatchEventImpl(Container.java:2310) ~[?:?]
	at java.awt.Window.dispatchEventImpl(Window.java:2780) ~[?:?]
	at java.awt.Component.dispatchEvent(Component.java:4828) ~[?:?]
	at java.awt.EventQueue.dispatchEventImpl(EventQueue.java:775) ~[?:?]
	at java.awt.EventQueue$4.run(EventQueue.java:720) ~[?:?]
	at java.awt.EventQueue$4.run(EventQueue.java:714) ~[?:?]
	at java.security.AccessController.doPrivileged(AccessController.java:400) [?:?]
	at java.security.ProtectionDomain$JavaSecurityAccessImpl.doIntersectionPrivilege(ProtectionDomain.java:87) ~[?:?]
	at java.security.ProtectionDomain$JavaSecurityAccessImpl.doIntersectionPrivilege(ProtectionDomain.java:98) ~[?:?]
	at java.awt.EventQueue$5.run(EventQueue.java:747) ~[?:?]
	at java.awt.EventQueue$5.run(EventQueue.java:745) ~[?:?]
	at java.security.AccessController.doPrivileged(AccessController.java:400) [?:?]
	at java.security.ProtectionDomain$JavaSecurityAccessImpl.doIntersectionPrivilege(ProtectionDomain.java:87) [?:?]
	at java.awt.EventQueue.dispatchEvent(EventQueue.java:744) [?:?]
	at java.awt.EventDispatchThread.pumpOneEventForFilters(EventDispatchThread.java:203) [?:?]
	at java.awt.EventDispatchThread.pumpEventsForFilter(EventDispatchThread.java:124) [?:?]
	at java.awt.EventDispatchThread.pumpEventsForHierarchy(EventDispatchThread.java:113) [?:?]
	at java.awt.EventDispatchThread.pumpEvents(EventDispatchThread.java:109) [?:?]
	at java.awt.EventDispatchThread.pumpEvents(EventDispatchThread.java:101) [?:?]
	at java.awt.EventDispatchThread.run(EventDispatchThread.java:90) [?:?]
2024-09-21 23:52:40 [AWT-EventQueue-0] INFO  SignUpTwo - Processing sign-up form 2 with form number: 9029
2024-09-21 23:52:40 [AWT-EventQueue-0] INFO  SignUpTwo - Sign-up form 2 successfully submitted with form number: 9029
2024-09-21 23:52:52 [AWT-EventQueue-0] INFO  SignUpThree - Processing sign-up form 3 creation with form number: 9029
2024-09-21 23:52:52 [AWT-EventQueue-0] INFO  SignUpThree - Generated card number: 1010101085220093
2024-09-21 23:52:52 [AWT-EventQueue-0] INFO  SignUpThree - Account created successfully for form number: 9029
2024-09-21 23:53:45 [AWT-EventQueue-0] INFO  Login - Login attempt with card number: 1010101085220093
2024-09-21 23:53:45 [AWT-EventQueue-0] INFO  Login - Successful login for card number: 1010101085220093
2024-09-21 23:53:49 [AWT-EventQueue-0] INFO  Home - User exited the application. Card Number: 1010101085220093
2024-09-21 23:54:19 [AWT-EventQueue-0] INFO  Login - Login attempt with card number: 1010101085220093
2024-09-21 23:54:19 [AWT-EventQueue-0] INFO  Login - Successful login for card number: 1010101085220093
2024-09-21 23:54:27 [AWT-EventQueue-0] INFO  Home - User accessed the 'ATM Transactions' section. Card Number: 1010101085220093
2024-09-21 23:54:27 [AWT-EventQueue-0] INFO  Home - Redirected to 'Transactions' screen for Card Number: 1010101085220093
2024-09-21 23:55:20 [AWT-EventQueue-0] INFO  Home - User accessed the 'Account' section. Card Number: 1010101085220093
2024-09-21 23:55:20 [AWT-EventQueue-0] INFO  Home - Redirected to 'Account' screen for Card Number: 1010101085220093
2024-09-21 23:55:24 [AWT-EventQueue-0] INFO  Account - User navigating back to Home. Card Number: 1010101085220093
2024-09-21 23:55:26 [AWT-EventQueue-0] INFO  Home - User accessed the 'Loan' section. Card Number: 1010101085220093
2024-09-21 23:55:27 [AWT-EventQueue-0] INFO  Home - Redirected to 'Loan' screen for Card Number: 1010101085220093
2024-09-21 23:55:46 [AWT-EventQueue-0] INFO  Home - User accessed the 'Deposits' section. Card Number: 1010101085220093
2024-09-21 23:55:46 [AWT-EventQueue-0] INFO  Home - Redirected to 'Deposit Rules' screen for Card Number: 1010101085220093
2024-09-21 23:55:56 [AWT-EventQueue-0] INFO  Home - User accessed the 'Deposits' section. Card Number: 1010101085220093
2024-09-21 23:55:56 [AWT-EventQueue-0] INFO  Home - Redirected to 'Deposit Rules' screen for Card Number: 1010101085220093
2024-09-21 23:57:00 [AWT-EventQueue-0] INFO  Home - User accessed the 'Account' section. Card Number: 1010101085220093
2024-09-21 23:57:01 [AWT-EventQueue-0] INFO  Home - Redirected to 'Account' screen for Card Number: 1010101085220093
2024-09-21 23:57:06 [AWT-EventQueue-0] INFO  Account - User navigating back to Home. Card Number: 1010101085220093
2024-09-21 23:57:08 [AWT-EventQueue-0] INFO  Home - User accessed the 'Deposits' section. Card Number: 1010101085220093
2024-09-21 23:57:09 [AWT-EventQueue-0] INFO  Home - Redirected to 'Deposit Rules' screen for Card Number: 1010101085220093
2024-09-21 23:57:39 [AWT-EventQueue-0] INFO  Home - User accessed the 'Deposits' section. Card Number: 1010101085220093
2024-09-21 23:57:40 [AWT-EventQueue-0] INFO  Home - Redirected to 'Deposit Rules' screen for Card Number: 1010101085220093
2024-09-21 23:58:00 [AWT-EventQueue-0] INFO  Home - User accessed the 'Account' section. Card Number: 1010101085220093
2024-09-21 23:58:00 [AWT-EventQueue-0] INFO  Home - Redirected to 'Account' screen for Card Number: 1010101085220093
2024-09-21 23:58:05 [AWT-EventQueue-0] INFO  Account - User navigating back to Home. Card Number: 1010101085220093
2024-09-21 23:58:10 [AWT-EventQueue-0] INFO  Home - User accessed the 'Deposits' section. Card Number: 1010101085220093
2024-09-21 23:58:11 [AWT-EventQueue-0] INFO  Home - Redirected to 'Deposit Rules' screen for Card Number: 1010101085220093
2024-09-21 23:58:47 [AWT-EventQueue-0] INFO  Home - User accessed the 'ATM Transactions' section. Card Number: 1010101085220093
2024-09-21 23:58:47 [AWT-EventQueue-0] INFO  Home - Redirected to 'Transactions' screen for Card Number: 1010101085220093
2024-09-21 23:59:24 [AWT-EventQueue-0] INFO  Home - User exited the application. Card Number: 1010101085220093
2024-09-21 23:59:28 [AWT-EventQueue-0] INFO  Home - User exited the application. Card Number: 1010101085220093
2024-09-21 23:59:31 [AWT-EventQueue-0] INFO  Home - User exited the application. Card Number: 1010101085220093
2024-09-21 23:59:34 [AWT-EventQueue-0] INFO  Home - User exited the application. Card Number: 1010101085220093
2024-09-21 23:59:37 [AWT-EventQueue-0] INFO  Home - User exited the application. Card Number: 1010101085220093
2024-09-21 23:59:41 [AWT-EventQueue-0] INFO  Home - User exited the application. Card Number: 1010101085220093
2024-09-21 23:59:45 [AWT-EventQueue-0] INFO  Home - User exited the application. Card Number: 1010101085220093
2024-09-21 23:59:49 [AWT-EventQueue-0] INFO  Home - User exited the application. Card Number: 1010101085220093
